../Core/Src/tft.c:26:13:TFT_WriteCmd	16	static
../Core/Src/tft.c:32:13:TFT_WriteData	16	static
../Core/Src/tft.c:38:13:TFT_WriteData16	24	static
../Core/Src/tft.c:52:13:TFT_WriteColorBurst	24	static
../Core/Src/tft.c:67:6:TFT_Init	8	static
../Core/Src/tft.c:137:6:TFT_SetRotation	16	static
../Core/Src/tft.c:167:6:TFT_SetWindow	32	static
../Core/Src/tft.c:188:6:TFT_DrawPixel	16	static
../Core/Src/tft.c:194:6:TFT_FillColor	16	static
../Core/Src/tft.c:204:13:TFT_FillRect	24	static
../Core/Src/tft.c:210:6:TFT_FillScreen	24	static
../Core/Src/tft.c:217:6:TFT_DrawImage	32	static
../Core/Src/tft.c:246:6:TFT_DrawChar	56	static
../Core/Src/tft.c:291:6:TFT_DrawString	40	static
../Core/Src/tft.c:314:6:TFT_BackLight	16	static
