../Core/Src/tft.c:26:13:TFT_WriteCmd	16	static
../Core/Src/tft.c:32:13:TFT_WriteData	16	static
../Core/Src/tft.c:38:13:TFT_WriteData16	24	static
../Core/Src/tft.c:52:13:TFT_WriteColorBurst	32	static
../Core/Src/tft.c:91:6:TFT_Init	8	static
../Core/Src/tft.c:161:6:TFT_SetRotation	16	static
../Core/Src/tft.c:191:6:TFT_SetWindow	32	static
../Core/Src/tft.c:212:6:TFT_DrawPixel	16	static
../Core/Src/tft.c:218:6:TFT_FillColor	16	static
../Core/Src/tft.c:228:6:TFT_FillRect	24	static
../Core/Src/tft.c:234:6:TFT_FillScreen	24	static
../Core/Src/tft.c:241:6:TFT_DrawImage	552	static
../Core/Src/tft.c:298:6:TFT_DrawBitmap1BPP	48	static
../Core/Src/tft.c:350:6:TFT_DrawChar	56	static
../Core/Src/tft.c:395:6:TFT_DrawString	40	static
../Core/Src/tft.c:418:6:TFT_BackLight	16	static
